#-----------------------------------------------------------
# Vivado v2025.1 (64-bit)
# SW Build 6140274 on Thu May 22 00:12:29 MDT 2025
# IP Build 6138677 on Thu May 22 03:10:11 MDT 2025
# SharedData Build 6139179 on Tue May 20 17:58:58 MDT 2025
# Start of session at: Tue Dec 30 21:07:50 2025
# Process ID         : 13272
# Current directory  : C:/Users/Khoa/project2/src/sim/project_2/project_2.runs/synth_1
# Command line       : vivado.exe -log riscv_pipeline_top.vds -product Vivado -mode batch -messageDb vivado.pb -notrace -source riscv_pipeline_top.tcl
# Log file           : C:/Users/Khoa/project2/src/sim/project_2/project_2.runs/synth_1/riscv_pipeline_top.vds
# Journal file       : C:/Users/Khoa/project2/src/sim/project_2/project_2.runs/synth_1\vivado.jou
# Running On         : LAPTOP-SU9IJVLN
# Platform           : Windows Server 2016 or Windows 10
# Operating System   : 26100
# Processor Detail   : 13th Gen Intel(R) Core(TM) i3-1315U
# CPU Frequency      : 2496 MHz
# CPU Physical cores : 6
# CPU Logical cores  : 8
# Host memory        : 8197 MB
# Swap memory        : 15569 MB
# Total Virtual      : 23766 MB
# Available Virtual  : 8467 MB
#-----------------------------------------------------------
source riscv_pipeline_top.tcl -notrace
